// 重构日志: 787a7d01
// 重构日志: 17887769
// 重构日志: 43f3faac
// 同步 ID: d7a65fe5 @ Sat Jul 25 07:55:33 UTC 2026
// 重构日志: c4523435
// 重构日志: f7dd0e7d
// 重构日志: 37249ebf
// 重构日志: 75eb7e1b
// 同步 ID: 57fdc898 @ Wed Jul 29 10:24:39 UTC 2026
// 重构日志: 6c6fcbc1
// 重构日志: 6fb32357
// 同步 ID: 47f98288 @ Fri Jul 31 01:07:47 UTC 2026
// 重构日志: f1a24b1f
// 同步 ID: 4e4c46c2 @ Fri Jul 31 08:21:39 UTC 2026
// 重构日志: d90df055
// 重构日志: 6b258de0
// 重构日志: 24b82eae
// 重构日志: d7cb9b60
// 重构日志: a0e52b7a
// 同步 ID: 2ecc1d1f @ Wed Aug  5 04:21:34 UTC 2026
// 重构日志: 872967d5
// 重构日志: e46ab72f
// 重构日志: ac5097af
// 重构日志: a30c8cc4
// 重构日志: bb99b209
// 重构日志: ffbb49b8
// 重构日志: b43c5e82
// 重构日志: 7b6cf7d6
// 重构日志: 0f7729dd
// 同步 ID: 4f0519c8 @ Sat Aug  8 06:35:06 UTC 2026
// 重构日志: fe9c4fd0
